// Jest Snapshot v1, https://goo.gl/fbAQLP

exports[`Test LoginForm component:  should create LoginForm 1`] = `
{
  "asFragment": [Function],
  "baseElement": <body>
    <div>
      <form
        class="form"
        novalidate=""
      >
        <div
          class="form__input"
        >
          <label>
            <span
              class="visually-hidden"
            >
              email
            </span>
            <input
              name="email"
              placeholder="Email"
              type="text"
              value=""
            />
          </label>
        </div>
        <div
          class="form__input"
        >
          <label>
            <span
              class="visually-hidden"
            >
              password
            </span>
            <input
              name="password"
              placeholder="Password"
              type="password"
              value=""
            />
            <button
              class="button__toggle"
              type="button"
            >
              Show
            </button>
          </label>
        </div>
        <button
          class="button__primary"
          type="submit"
        >
          Login ( ^ω^)
        </button>
      </form>
    </div>
  </body>,
  "container": <div>
    <form
      class="form"
      novalidate=""
    >
      <div
        class="form__input"
      >
        <label>
          <span
            class="visually-hidden"
          >
            email
          </span>
          <input
            name="email"
            placeholder="Email"
            type="text"
            value=""
          />
        </label>
      </div>
      <div
        class="form__input"
      >
        <label>
          <span
            class="visually-hidden"
          >
            password
          </span>
          <input
            name="password"
            placeholder="Password"
            type="password"
            value=""
          />
          <button
            class="button__toggle"
            type="button"
          >
            Show
          </button>
        </label>
      </div>
      <button
        class="button__primary"
        type="submit"
      >
        Login ( ^ω^)
      </button>
    </form>
  </div>,
  "debug": [Function],
  "findAllByAltText": [Function],
  "findAllByDisplayValue": [Function],
  "findAllByLabelText": [Function],
  "findAllByPlaceholderText": [Function],
  "findAllByRole": [Function],
  "findAllByTestId": [Function],
  "findAllByText": [Function],
  "findAllByTitle": [Function],
  "findByAltText": [Function],
  "findByDisplayValue": [Function],
  "findByLabelText": [Function],
  "findByPlaceholderText": [Function],
  "findByRole": [Function],
  "findByTestId": [Function],
  "findByText": [Function],
  "findByTitle": [Function],
  "getAllByAltText": [Function],
  "getAllByDisplayValue": [Function],
  "getAllByLabelText": [Function],
  "getAllByPlaceholderText": [Function],
  "getAllByRole": [Function],
  "getAllByTestId": [Function],
  "getAllByText": [Function],
  "getAllByTitle": [Function],
  "getByAltText": [Function],
  "getByDisplayValue": [Function],
  "getByLabelText": [Function],
  "getByPlaceholderText": [Function],
  "getByRole": [Function],
  "getByTestId": [Function],
  "getByText": [Function],
  "getByTitle": [Function],
  "queryAllByAltText": [Function],
  "queryAllByDisplayValue": [Function],
  "queryAllByLabelText": [Function],
  "queryAllByPlaceholderText": [Function],
  "queryAllByRole": [Function],
  "queryAllByTestId": [Function],
  "queryAllByText": [Function],
  "queryAllByTitle": [Function],
  "queryByAltText": [Function],
  "queryByDisplayValue": [Function],
  "queryByLabelText": [Function],
  "queryByPlaceholderText": [Function],
  "queryByRole": [Function],
  "queryByTestId": [Function],
  "queryByText": [Function],
  "queryByTitle": [Function],
  "rerender": [Function],
  "unmount": [Function],
}
`;
